Γû▓ Next.js 16.2.1 (Turbopack)
- Environments: .env

npx : ΓÜá The "middleware" file 
convention is deprecated. Please use 
"proxy" instead. Learn more: https://next
js.org/docs/messages/middleware-to-proxy
At line:1 char:1
+ npx next build > build_output.txt 2>&1 
; Get-Content build_output.txt
+ ~~~~~~~~~~~~~~~~~~~~~~~~~~~~~~~~~~~~~~
    + CategoryInfo          : NotSpecifi 
   ed: (ΓÜá The "middle...leware-to-pro  
  xy:String) [], RemoteException
    + FullyQualifiedErrorId : NativeComm 
   andError
 
  Creating an optimized production build ...
Γ£ô Compiled successfully in 9.1s
  Running TypeScript ...
Failed to type check.

./prisma.config.ts:4:30
Type error: Cannot find module 
'prisma/config' or its corresponding 
type declarations.

  [90m2 |[0m [90m// npm install 
--save-dev prisma dotenv[0m
  [90m3 |[0m [36mimport[0m 
[32m"dotenv/config"[0m;
[31m[1m>[0m [90m4 |[0m 
[36mimport[0m { defineConfig } 
[36mfrom[0m [32m"prisma/config"[0m;
  [90m  |[0m                           
   [31m[1m^[0m
  [90m5 |[0m
  [90m6 |[0m [36mexport[0m 
[36mdefault[0m defineConfig({
  [90m7 |[0m   schema: 
[32m"prisma/schema.prisma"[0m,
Next.js build worker exited with code: 1 
and signal: null
